src/components/CallToAction.tsx(1,1): error TS6133: 'React' is declared but its value is never read.
src/components/Dashboard.tsx(1,8): error TS6133: 'React' is declared but its value is never read.
src/components/Dashboard.tsx(4,32): error TS6133: 'Search' is declared but its value is never read.
src/components/Dashboard.tsx(5,39): error TS6133: 'MoreVertical' is declared but its value is never read.
src/components/Dashboard.tsx(7,20): error TS6133: 'Download' is declared but its value is never read.
src/components/Dashboard.tsx(7,30): error TS6133: 'ExternalLink' is declared but its value is never read.
src/components/Dashboard.tsx(9,1): error TS6133: 'LiveFeed' is declared but its value is never read.
src/components/Features.tsx(1,1): error TS6133: 'React' is declared but its value is never read.
src/components/Footer.tsx(1,1): error TS6133: 'React' is declared but its value is never read.
src/components/Footer.tsx(2,1): error TS6133: 'motion' is declared but its value is never read.
src/components/Footer.tsx(4,32): error TS6133: 'LayoutGrid' is declared but its value is never read.
src/components/Footer.tsx(4,44): error TS6133: 'FileText' is declared but its value is never read.
src/components/Footer.tsx(5,5): error TS6133: 'BarChart3' is declared but its value is never read.
src/components/Footer.tsx(5,16): error TS6133: 'Settings' is declared but its value is never read.
src/components/Footer.tsx(5,26): error TS6133: 'TrendingUp' is declared but its value is never read.
src/components/Footer.tsx(5,38): error TS6133: 'Users' is declared but its value is never read.
src/components/Hero.tsx(1,1): error TS6133: 'React' is declared but its value is never read.
src/components/HowItWorks.tsx(1,1): error TS6133: 'React' is declared but its value is never read.
src/components/LiveFeed.tsx(1,8): error TS6133: 'React' is declared but its value is never read.
src/components/LoginModal.tsx(1,8): error TS6133: 'React' is declared but its value is never read.
src/components/Navbar.tsx(1,8): error TS6133: 'React' is declared but its value is never read.
src/components/Pricing.tsx(1,8): error TS6133: 'React' is declared but its value is never read.
src/components/ProductShowcase.tsx(1,1): error TS6133: 'React' is declared but its value is never read.
src/components/ProductShowcase.tsx(3,25): error TS6133: 'BarChart3' is declared but its value is never read.
src/components/SocialProof.tsx(1,1): error TS6133: 'React' is declared but its value is never read.
src/components/Testimonials.tsx(1,1): error TS6133: 'React' is declared but its value is never read.
